// Jest Snapshot v1, https://goo.gl/fbAQLP

exports[`<Loader /> matches the snapshot 1`] = `
<div
  className="loader-overlay"
>
  <div
    className="loader"
  />
</div>
`;
